V3 23
FL C:/User/Doctor/papers/libro_Deschamps/edk13.1/reconfig/XPS/pcores/fsl_rcopro_v1_00_a/hdl/vhdl/fsl_rcopro_adder.vhd 2011/04/16.15:13:45 O.40d
EN work/fsl_rcopro_adder 1303418215 \
      FL C:/User/Doctor/papers/libro_Deschamps/edk13.1/reconfig/XPS/pcores/fsl_rcopro_v1_00_a/hdl/vhdl/fsl_rcopro_adder.vhd \
      PB ieee/std_logic_1164 1296775758 PB ieee/std_logic_arith 1296775759
AR work/fsl_rcopro_adder/beh1 1303418216 \
      FL C:/User/Doctor/papers/libro_Deschamps/edk13.1/reconfig/XPS/pcores/fsl_rcopro_v1_00_a/hdl/vhdl/fsl_rcopro_adder.vhd \
      EN work/fsl_rcopro_adder 1303418215
FL C:/User/Doctor/papers/libro_Deschamps/edk13.1/reconfig/XPS/pcores/fsl_rcopro_v1_00_a/hdl/vhdl/fsl_rcopro_determinant.vhd 2011/07/27.22:04:11 O.40d
EN work/fsl_rcopro_determinant 1303418221 \
      FL C:/User/Doctor/papers/libro_Deschamps/edk13.1/reconfig/XPS/pcores/fsl_rcopro_v1_00_a/hdl/vhdl/fsl_rcopro_determinant.vhd \
      PB ieee/std_logic_1164 1296775758 PB ieee/std_logic_arith 1296775759
AR work/fsl_rcopro_determinant/beh1 1303418222 \
      FL C:/User/Doctor/papers/libro_Deschamps/edk13.1/reconfig/XPS/pcores/fsl_rcopro_v1_00_a/hdl/vhdl/fsl_rcopro_determinant.vhd \
      EN work/fsl_rcopro_determinant 1303418221
FL C:/User/Doctor/papers/libro_Deschamps/edk13.1/reconfig/XPS/pcores/fsl_rcopro_v1_00_a/hdl/vhdl/fsl_rcopro_dummy.vhd 2011/04/15.23:59:43 O.40d
EN work/fsl_rcopro_dummy 1303418213 \
      FL C:/User/Doctor/papers/libro_Deschamps/edk13.1/reconfig/XPS/pcores/fsl_rcopro_v1_00_a/hdl/vhdl/fsl_rcopro_dummy.vhd \
      PB ieee/std_logic_1164 1296775758 PB ieee/std_logic_arith 1296775759
AR work/fsl_rcopro_dummy/beh1 1303418214 \
      FL C:/User/Doctor/papers/libro_Deschamps/edk13.1/reconfig/XPS/pcores/fsl_rcopro_v1_00_a/hdl/vhdl/fsl_rcopro_dummy.vhd \
      EN work/fsl_rcopro_dummy 1303418213
FL C:/User/Doctor/papers/libro_Deschamps/edk13.1/reconfig/XPS/pcores/fsl_rcopro_v1_00_a/hdl/vhdl/fsl_rcopro_multiplier.vhd 2011/07/27.22:01:34 O.40d
EN work/fsl_rcopro_multiplier 1303418217 \
      FL C:/User/Doctor/papers/libro_Deschamps/edk13.1/reconfig/XPS/pcores/fsl_rcopro_v1_00_a/hdl/vhdl/fsl_rcopro_multiplier.vhd \
      PB ieee/std_logic_1164 1296775758 PB ieee/std_logic_arith 1296775759
AR work/fsl_rcopro_multiplier/beh1 1303418218 \
      FL C:/User/Doctor/papers/libro_Deschamps/edk13.1/reconfig/XPS/pcores/fsl_rcopro_v1_00_a/hdl/vhdl/fsl_rcopro_multiplier.vhd \
      EN work/fsl_rcopro_multiplier 1303418217
FL C:/User/Doctor/papers/libro_Deschamps/edk13.1/reconfig/XPS/pcores/fsl_rcopro_v1_00_a/hdl/vhdl/fsl_rcopro_scalar_multiplier.vhd 2011/07/27.13:04:10 O.40d
EN work/fsl_rcopro_scalar_multiplier 1303418219 \
      FL C:/User/Doctor/papers/libro_Deschamps/edk13.1/reconfig/XPS/pcores/fsl_rcopro_v1_00_a/hdl/vhdl/fsl_rcopro_scalar_multiplier.vhd \
      PB ieee/std_logic_1164 1296775758 PB ieee/std_logic_arith 1296775759
AR work/fsl_rcopro_scalar_multiplier/beh1 1303418220 \
      FL C:/User/Doctor/papers/libro_Deschamps/edk13.1/reconfig/XPS/pcores/fsl_rcopro_v1_00_a/hdl/vhdl/fsl_rcopro_scalar_multiplier.vhd \
      EN work/fsl_rcopro_scalar_multiplier 1303418219
FL C:/User/Doctor/papers/libro_Deschamps/edk13.1/reconfig/XST/fsl_rcopro.vhd 2011/04/21.22:36:37 O.40d
EN work/fsl_rcopro 1303418223 \
      FL C:/User/Doctor/papers/libro_Deschamps/edk13.1/reconfig/XST/fsl_rcopro.vhd \
      PB ieee/std_logic_1164 1296775758 PB ieee/std_logic_arith 1296775759
AR work/fsl_rcopro/beh 1303418224 \
      FL C:/User/Doctor/papers/libro_Deschamps/edk13.1/reconfig/XST/fsl_rcopro.vhd \
      EN work/fsl_rcopro 1303418223 CP work/fsl_rcopro_dummy \
      CP work/fsl_rcopro_adder CP work/fsl_rcopro_multiplier \
      CP work/fsl_rcopro_scalar_multiplier CP work/fsl_rcopro_determinant
